// Vitest Snapshot v1, https://vitest.dev/guide/snapshot.html

exports[`PrizeFont > Renders snapshot 1`] = `
<Memo
  amount="10,000"
/>
`;
